[36mvite v6.4.1 [32mbuilding for production...[36m[39m
transforming...
[32mΓ£ô[39m 2993 modules transformed.
rendering chunks...
computing gzip size...
[2mdist/[22m[32mregisterSW.js              [39m[1m[2m    0.13 kB[22m[1m[22m
[2mdist/[22m[32mmanifest.webmanifest       [39m[1m[2m    0.53 kB[22m[1m[22m
[2mdist/[22m[32mindex.html                 [39m[1m[2m    1.15 kB[22m[1m[22m[2m Γöé gzip:   0.57 kB[22m
[2mdist/[22m[35massets/index-Br9THZz6.css  [39m[1m[2m  108.80 kB[22m[1m[22m[2m Γöé gzip:  15.21 kB[22m
[2mdist/[22m[36massets/index-3-I4NXlh.js   [39m[1m[33m1,240.38 kB[39m[22m[2m Γöé gzip: 342.73 kB[22m
node.exe : [33m
At line:1 char:1
+ & "C:\Program 
Files\nodejs/node.exe" "C:\Us
ers\itstr\AppData\Roaming\ 
...
+ ~~~~~~~~~~~~~~~~~~~~~~~~~~~
~~~~~~~~~~~~~~~~~~~~~~~~~~~~~
~~~~~~~~~~~~~
    + CategoryInfo           
   : NotSpecified    : 
([33m:String) []    , 
RemoteException
    + FullyQualifiedErr    
orId : NativeComman    dError
 
(!) Some chunks are larger 
than 500 kB after 
minification. Consider:
- Using dynamic import() to 
code-split the application
- Use build.rollupOptions.out
put.manualChunks to improve 
chunking: https://rollupjs.or
g/configuration-options/#outp
ut-manualchunks
- Adjust chunk size limit 
for this warning via build.ch
unkSizeWarningLimit.[39m
[32mΓ£ô built in 14.95s[39m
[31merror during build:
Error: 
  Configure "workbox.maximumF
ileSizeToCacheInBytes" to 
change the limit: the 
default value is 2 MiB.
  Check https://vite-pwa-org.
netlify.app/guide/faq.html#mi
ssing-assets-from-sw-precache
-manifest for more 
information.
  Assets exceeding the limit:
  - shrink_logo.webm is 14.2 
MB, and won't be precached.

    at logWorkboxResult (file
:///D:/Shrink/node_modules/vi
te-plugin-pwa/dist/chunk-G4TA
N34B.js:44:13)
    at generateServiceWorker 
(file:///D:/Shrink/node_modul
es/vite-plugin-pwa/dist/index
.js:209:3)
    at async _generateSW (fil
e:///D:/Shrink/node_modules/v
ite-plugin-pwa/dist/index.js:
234:5)
    at async Object.handler (
file:///D:/Shrink/node_module
s/vite-plugin-pwa/dist/index.
js:427:13)
    at async 
PluginDriver.hookParallel (fi
le:///D:/Shrink/node_modules/
rollup/dist/es/shared/node-en
try.js:22475:17)
    at async Object.close (fi
le:///D:/Shrink/node_modules/
rollup/dist/es/shared/node-en
try.js:23494:13)
    at async 
buildEnvironment (file:///D:/
Shrink/node_modules/vite/dist
/node/chunks/dep-D4NMHUTW.js:
46258:17)
    at async 
Object.defaultBuildApp [as 
buildApp] (file:///D:/Shrink/
node_modules/vite/dist/node/c
hunks/dep-D4NMHUTW.js:46713:5
)
    at async CAC.<anonymous> 
(file:///D:/Shrink/node_modul
es/vite/dist/node/cli.js:863:
7)[39m
