src/components/GroceryDryGoodsView.tsx(316,58): error TS2322: Type '{ key: any; product: any; onGuildClick: () => any; }' is not assignable to type '{ product: Product; onGuildClick: () => void; }'.
  Property 'key' does not exist on type '{ product: Product; onGuildClick: () => void; }'.
src/components/GroceryDryGoodsView.tsx(373,45): error TS2322: Type '{ key: any; product: any; onSendToDeli: () => any; onMoveToTradersGuild: () => any; }' is not assignable to type '{ product: Product; onSendToDeli: () => void; onMoveToTradersGuild: () => void; }'.
  Property 'key' does not exist on type '{ product: Product; onSendToDeli: () => void; onMoveToTradersGuild: () => void; }'.
